Using pre-set license
Built from '2020.3/staging' branch; Version is '2020.3.32f1 (12f8b0834f07) revision 1243312'; Using compiler version '192528614'; Build Type 'Release'
OS: 'Windows 11  (10.0.26100) 64bit Core' Language: 'en' Physical Memory: 7903 MB
BatchMode: 1, IsHumanControllingUs: 0, StartBugReporterOnCrash: 0, Is64bit: 1, IsPro: 0

COMMAND LINE ARGUMENTS:
C:\Program Files\Unity 2020.3.32f1\Editor\Unity.exe
-adb2
-batchMode
-noUpm
-name
AssetImportWorker2
-projectPath
D:/2024/2 year/Second Semister/Virtual Reality/3D Car Racing/VR-Project
-logFile
Logs/AssetImportWorker2.log
-srvPort
2309
Successfully changed project path to: D:/2024/2 year/Second Semister/Virtual Reality/3D Car Racing/VR-Project
D:/2024/2 year/Second Semister/Virtual Reality/3D Car Racing/VR-Project
Using Asset Import Pipeline V2.
Refreshing native plugins compatible for Editor in 115.41 ms, found 3 plugins.
Preloading 0 native plugins for Editor in 0.00 ms.
Initialize engine version: 2020.3.32f1 (12f8b0834f07)
[Subsystems] Discovering subsystems at path C:/Program Files/Unity 2020.3.32f1/Editor/Data/Resources/UnitySubsystems
[Subsystems] Discovering subsystems at path D:/2024/2 year/Second Semister/Virtual Reality/3D Car Racing/VR-Project/Assets
GfxDevice: creating device client; threaded=0
Direct3D:
    Version:  Direct3D 11.0 [level 11.1]
    Renderer: Intel(R) Iris(R) Xe Graphics (ID=0x46a8)
    Vendor:   
    VRAM:     3951 MB
    Driver:   31.0.101.5186
Initialize mono
Mono path[0] = 'C:/Program Files/Unity 2020.3.32f1/Editor/Data/Managed'
Mono path[1] = 'C:/Program Files/Unity 2020.3.32f1/Editor/Data/MonoBleedingEdge/lib/mono/unityjit'
Mono config path = 'C:/Program Files/Unity 2020.3.32f1/Editor/Data/MonoBleedingEdge/etc'
Using monoOptions --debugger-agent=transport=dt_socket,embedding=1,server=y,suspend=n,address=127.0.0.1:56360
Begin MonoManager ReloadAssembly
Registering precompiled unity dll's ...
Register platform support module: C:/Program Files/Unity 2020.3.32f1/Editor/Data/PlaybackEngines/WindowsStandaloneSupport/UnityEditor.WindowsStandalone.Extensions.dll
Registered in 0.009031 seconds.
Could not allocate 16424 bytes
Crash!!!
SymInit: Symbol-SearchPath: 'C:/Program Files/Unity 2020.3.32f1/Editor/Data/Mono;.;D:\2024\2 year\Second Semister\Virtual Reality\3D Car Racing\VR-Project;C:\Program Files\Unity 2020.3.32f1\Editor;C:\WINDOWS;C:\WINDOWS\system32;SRV*C:\websymbols*http://msdl.microsoft.com/download/symbols;', symOptions: 534, UserName: 'Yibrah'
OS-Version: 10.0.0
C:\Program Files\Unity 2020.3.32f1\Editor\Unity.exe:Unity.exe (00007FF65CBC0000), size: 83607552 (result: 0), SymType: '-deferred-', PDB: '', fileVersion: 2020.3.32.63664
C:\WINDOWS\SYSTEM32\ntdll.dll:ntdll.dll (00007FF8AF800000), size: 2519040 (result: 8), SymType: '-unknown-', PDB: '', fileVersion: 10.0.26100.7623
  ERROR: LoadModule, GetLastError: 'Not enough memory resources are available to process this command.' (Address: 0000000000000000)
C:\WINDOWS\System32\KERNEL32.DLL:KERNEL32.DLL (00007FF8AD5A0000), size: 823296 (result: 0), SymType: '-deferred-', PDB: '', fileVersion: 10.0.26100.7623
C:\WINDOWS\System32\KERNELBASE.dll:KERNELBASE.dll (00007FF8ACC40000), size: 4124672 (result: 0), SymType: '-deferred-', PDB: '', fileVersion: 10.0.26100.7623
C:\WINDOWS\System32\CRYPT32.dll:CRYPT32.dll (00007FF8AC950000), size: 1536000 (result: 8), SymType: '-unknown-', PDB: '', fileVersion: 10.0.26100.7309
  ERROR: LoadModule, GetLastError: 'Not enough memory resources are available to process this command.' (Address: 0000000000000000)
C:\WINDOWS\System32\ucrtbase.dll:ucrtbase.dll (00007FF8AD100000), size: 1355776 (result: 0), SymType: '-deferred-', PDB: '', fileVersion: 10.0.26100.7623
C:\WINDOWS\System32\USER32.dll:USER32.dll (00007FF8AEAF0000), size: 1855488 (result: 0), SymType: '-deferred-', PDB: '', fileVersion: 10.0.26100.7623
C:\WINDOWS\System32\win32u.dll:win32u.dll (00007FF8AD430000), size: 159744 (result: 0), SymType: '-deferred-', PDB: '', fileVersion: 10.0.26100.7623
C:\WINDOWS\System32\GDI32.dll:GDI32.dll (00007FF8AF580000), size: 176128 (result: 0), SymType: '-deferred-', PDB: '', fileVersion: 10.0.26100.7309
C:\WINDOWS\System32\gdi32full.dll:gdi32full.dll (00007FF8AD300000), size: 1228800 (result: 0), SymType: '-deferred-', PDB: '', fileVersion: 10.0.26100.7309
C:\WINDOWS\System32\msvcp_win.dll:msvcp_win.dll (00007FF8AD4F0000), size: 667648 (result: 0), SymType: '-deferred-', PDB: '', fileVersion: 10.0.26100.7623
C:\WINDOWS\System32\ADVAPI32.dll:ADVAPI32.dll (00007FF8ADE70000), size: 737280 (result: 0), SymType: '-deferred-', PDB: '', fileVersion: 10.0.26100.7309
C:\WINDOWS\System32\msvcrt.dll:msvcrt.dll (00007FF8ADB00000), size: 692224 (result: 0), SymType: '-deferred-', PDB: '', fileVersion: 7.0.26100.7623
C:\WINDOWS\System32\sechost.dll:sechost.dll (00007FF8AD670000), size: 679936 (result: 0), SymType: '-deferred-', PDB: '', fileVersion: 10.0.26100.7623
C:\WINDOWS\System32\RPCRT4.dll:RPCRT4.dll (00007FF8ADC70000), size: 1146880 (result: 0), SymType: '-deferred-', PDB: '', fileVersion: 10.0.26100.7623
C:\WINDOWS\System32\SHELL32.dll:SHELL32.dll (00007FF8AE030000), size: 7680000 (result: 0), SymType: '-deferred-', PDB: '', fileVersion: 10.0.26100.7623
C:\Program Files\Unity 2020.3.32f1\Editor\libfbxsdk.dll:libfbxsdk.dll (00007FF846DE0000), size: 10215424 (result: 0), SymType: '-deferred-', PDB: '', fileVersion: 2020.2.0.0
C:\WINDOWS\System32\wintypes.dll:wintypes.dll (00007FF8ACAD0000), size: 1482752 (result: 0), SymType: '-deferred-', PDB: '', fileVersion: 10.0.26100.7623
C:\Program Files\Unity 2020.3.32f1\Editor\OpenImageDenoise.dll:OpenImageDenoise.dll (00007FF81D1D0000), size: 43806720 (result: 0), SymType: '-deferred-', PDB: ''
C:\WINDOWS\System32\combase.dll:combase.dll (00007FF8AD770000), size: 3694592 (result: 8), SymType: '-unknown-', PDB: '', fileVersion: 10.0.26100.7623
  ERROR: LoadModule, GetLastError: 'Not enough memory resources are available to process this command.' (Address: 0000000000000000)
C:\Program Files\Unity 2020.3.32f1\Editor\optix.6.0.0.dll:optix.6.0.0.dll (00007FF89CE20000), size: 208896 (result: 8), SymType: '-unknown-', PDB: '', fileVersion: 6.0.0.0
  ERROR: LoadModule, GetLastError: 'Not enough memory resources are available to process this command.' (Address: 0000000000000000)
C:\WINDOWS\System32\SHLWAPI.dll:SHLWAPI.dll (00007FF8ADF30000), size: 417792 (result: 8), SymType: '-unknown-', PDB: '', fileVersion: 10.0.26100.7309
  ERROR: LoadModule, GetLastError: 'Not enough memory resources are available to process this command.' (Address: 0000000000000000)
C:\WINDOWS\System32\ole32.dll:ole32.dll (00007FF8AE850000), size: 1667072 (result: 8), SymType: '-unknown-', PDB: '', fileVersion: 10.0.26100.7462
  ERROR: LoadModule, GetLastError: 'Not enough memory resources are available to process this command.' (Address: 0000000000000000)
C:\WINDOWS\System32\IMM32.dll:IMM32.dll (00007FF8AD720000), size: 200704 (result: 0), SymType: '-deferred-', PDB: '', fileVersion: 10.0.26100.7309
C:\WINDOWS\System32\SETUPAPI.dll:SETUPAPI.dll (00007FF8AECC0000), size: 4759552 (result: 8), SymType: '-unknown-', PDB: '', fileVersion: 10.0.26100.7309
  ERROR: LoadModule, GetLastError: 'Not enough memory resources are available to process this command.' (Address: 0000000000000000)
C:\WINDOWS\System32\WS2_32.dll:WS2_32.dll (00007FF8AF160000), size: 475136 (result: 8), SymType: '-unknown-', PDB: '', fileVersion: 10.0.26100.7623
  ERROR: LoadModule, GetLastError: 'Not enough memory resources are available to process this command.' (Address: 0000000000000000)
C:\WINDOWS\System32\OLEAUT32.dll:OLEAUT32.dll (00007FF8ADD90000), size: 876544 (result: 8), SymType: '-unknown-', PDB: '', fileVersion: 10.0.26100.7309
  ERROR: LoadModule, GetLastError: 'Not enough memory resources are available to process this command.' (Address: 0000000000000000)
C:\WINDOWS\System32\WINTRUST.dll:WINTRUST.dll (00007FF8AD460000), size: 524288 (result: 8), SymType: '-unknown-', PDB: '', fileVersion: 10.0.26100.7309
  ERROR: LoadModule, GetLastError: 'Not enough memory resources are available to process this command.' (Address: 0000000000000000)
C:\Program Files\Unity 2020.3.32f1\Editor\umbraoptimizer64.dll:umbraoptimizer64.dll (00007FF883AD0000), size: 1306624 (result: 8), SymType: '-unknown-', PDB: ''
  ERROR: LoadModule, GetLastError: 'Not enough memory resources are available to process this command.' (Address: 0000000000000000)
C:\WINDOWS\System32\WLDAP32.dll:WLDAP32.dll (00007FF8AF3B0000), size: 475136 (result: 0), SymType: '-deferred-', PDB: '', fileVersion: 10.0.26100.7309
C:\WINDOWS\System32\Normaliz.dll:Normaliz.dll (00007FF8ADBB0000), size: 32768 (result: 8), SymType: '-unknown-', PDB: '', fileVersion: 10.0.26100.1
  ERROR: LoadModule, GetLastError: 'Not enough memory resources are available to process this command.' (Address: 0000000000000000)
C:\Program Files\Unity 2020.3.32f1\Editor\FreeImage.dll:FreeImage.dll (0000000180000000), size: 6582272 (result: 0), SymType: '-deferred-', PDB: '', fileVersion: 3.18.0.0
C:\Program Files\Unity 2020.3.32f1\Editor\ispc_texcomp.dll:ispc_texcomp.dll (00007FF883940000), size: 1609728 (result: 0), SymType: '-deferred-', PDB: ''
C:\Program Files\Unity 2020.3.32f1\Editor\WinPixEventRuntime.dll:WinPixEventRuntime.dll (00007FF8A6D10000), size: 45056 (result: 0), SymType: '-deferred-', PDB: '', fileVersion: 1.0.1812.6001
C:\WINDOWS\SYSTEM32\OPENGL32.dll:OPENGL32.dll (00007FF88C910000), size: 1114112 (result: 0), SymType: '-deferred-', PDB: '', fileVersion: 10.0.26100.7309
C:\WINDOWS\SYSTEM32\IPHLPAPI.DLL:IPHLPAPI.DLL (00007FF8AB160000), size: 212992 (result: 0), SymType: '-deferred-', PDB: '', fileVersion: 10.0.26100.7309
C:\WINDOWS\SYSTEM32\GLU32.dll:GLU32.dll (00007FF89C9D0000), size: 184320 (result: 0), SymType: '-deferred-', PDB: '', fileVersion: 10.0.26100.1150
C:\WINDOWS\SYSTEM32\bcrypt.dll:bcrypt.dll (00007FF8AC840000), size: 172032 (result: 0), SymType: '-deferred-', PDB: '', fileVersion: 10.0.26100.7623
C:\WINDOWS\SYSTEM32\WINHTTP.dll:WINHTTP.dll (00007FF89D790000), size: 1212416 (result: 0), SymType: '-deferred-', PDB: '', fileVersion: 10.0.26100.7462
C:\Program Files\Unity 2020.3.32f1\Editor\RadeonImageFilters.dll:RadeonImageFilters.dll (00007FF882310000), size: 2535424 (result: 0), SymType: '-deferred-', PDB: '', fileVersion: 1.5.1.0
C:\WINDOWS\SYSTEM32\WINMM.dll:WINMM.dll (00007FF8A93B0000), size: 217088 (result: 8), SymType: '-unknown-', PDB: '', fileVersion: 10.0.26100.7309
  ERROR: LoadModule, GetLastError: 'Not enough memory resources are available to process this command.' (Address: 0000000000000000)
C:\WINDOWS\SYSTEM32\HID.DLL:HID.DLL (00007FF8AAD80000), size: 61440 (result: 0), SymType: '-deferred-', PDB: '', fileVersion: 10.0.26100.1150
C:\Program Files\Unity 2020.3.32f1\Editor\SketchUpAPI.dll:SketchUpAPI.dll (00007FF826170000), size: 8978432 (result: 0), SymType: '-deferred-', PDB: '', fileVersion: 19.0.753.0
C:\WINDOWS\SYSTEM32\VERSION.dll:VERSION.dll (00007FF89A5A0000), size: 45056 (result: 0), SymType: '-deferred-', PDB: '', fileVersion: 10.0.26100.1150
C:\WINDOWS\SYSTEM32\WSOCK32.dll:WSOCK32.dll (00007FF89CE10000), size: 40960 (result: 0), SymType: '-deferred-', PDB: '', fileVersion: 10.0.26100.1
C:\WINDOWS\SYSTEM32\VCRUNTIME140.dll:VCRUNTIME140.dll (00007FF88CF80000), size: 122880 (result: 0), SymType: '-deferred-', PDB: '', fileVersion: 14.44.35211.0
C:\WINDOWS\SYSTEM32\MSVCP140.dll:MSVCP140.dll (00007FF88CFA0000), size: 561152 (result: 0), SymType: '-deferred-', PDB: '', fileVersion: 14.44.35211.0
C:\WINDOWS\SYSTEM32\dxcore.dll:dxcore.dll (00007FF8A9960000), size: 278528 (result: 8), SymType: '-unknown-', PDB: '', fileVersion: 10.0.26100.7309
  ERROR: LoadModule, GetLastError: 'Not enough memory resources are available to process this command.' (Address: 0000000000000000)
C:\WINDOWS\SYSTEM32\VCRUNTIME140_1.dll:VCRUNTIME140_1.dll (00007FF88CF70000), size: 49152 (result: 8), SymType: '-unknown-', PDB: '', fileVersion: 14.44.35211.0
  ERROR: LoadModule, GetLastError: 'Not enough memory resources are available to process this command.' (Address: 0000000000000000)
C:\Program Files\Unity 2020.3.32f1\Editor\tbb.dll:tbb.dll (00007FF89C960000), size: 413696 (result: 8), SymType: '-unknown-', PDB: '', fileVersion: 2017.0.2016.1004
  ERROR: LoadModule, GetLastError: 'Not enough memory resources are available to process this command.' (Address: 0000000000000000)
C:\Program Files\Unity 2020.3.32f1\Editor\SketchUpCommonPreferences.dll:SketchUpCommonPreferences.dll (00007FF88A4C0000), size: 483328 (result: 8), SymType: '-unknown-', PDB: '', fileVersion: 19.0.753.20342
  ERROR: LoadModule, GetLastError: 'Not enough memory resources are available to process this command.' (Address: 0000000000000000)
C:\WINDOWS\SYSTEM32\MSVCP120.dll:MSVCP120.dll (00007FF883890000), size: 679936 (result: 8), SymType: '-unknown-', PDB: '', fileVersion: 12.0.21005.1
  ERROR: LoadModule, GetLastError: 'Not enough memory resources are available to process this command.' (Address: 0000000000000000)
C:\WINDOWS\SYSTEM32\Secur32.dll:Secur32.dll (00007FF8A9660000), size: 53248 (result: 8), SymType: '-unknown-', PDB: '', fileVersion: 10.0.26100.1
  ERROR: LoadModule, GetLastError: 'Not enough memory resources are available to process this command.' (Address: 0000000000000000)
C:\WINDOWS\SYSTEM32\MSVCR120.dll:MSVCR120.dll (00007FF8837A0000), size: 978944 (result: 8), SymType: '-unknown-', PDB: '', fileVersion: 12.0.21005.1
  ERROR: LoadModule, GetLastError: 'Not enough memory resources are available to process this command.' (Address: 0000000000000000)
C:\WINDOWS\SYSTEM32\SSPICLI.DLL:SSPICLI.DLL (00007FF8AB970000), size: 299008 (result: 8), SymType: '-unknown-', PDB: '', fileVersion: 10.0.26100.7309
  ERROR: LoadModule, GetLastError: 'Not enough memory resources are available to process this command.' (Address: 0000000000000000)
C:\Program Files\Unity 2020.3.32f1\Editor\OpenRL.dll:OpenRL.dll (0000021174CF0000), size: 12779520 (result: 8), SymType: '-unknown-', PDB: '', fileVersion: 1.5.0.2907
  ERROR: LoadModule, GetLastError: 'Not enough memory resources are available to process this command.' (Address: 0000000000000000)
: (00007FF8AC4C0000), size: 356352 (result: 8), SymType: '-unknown-', PDB: ''
  ERROR: LoadModule, GetLastError: 'Not enough memory resources are available to process this command.' (Address: 0000000000000000)
C:\WINDOWS\SYSTEM32\MSWSOCK.DLL:MSWSOCK.DLL (00007FF8ABC20000), size: 438272 (result: 8), SymType: '-unknown-', PDB: '', fileVersion: 10.0.26100.7309
  ERROR: LoadModule, GetLastError: 'Not enough memory resources are available to process this command.' (Address: 0000000000000000)
C:\WINDOWS\SYSTEM32\MSVCP100.dll:MSVCP100.dll (000000005CFD0000), size: 622592 (result: 8), SymType: '-unknown-', PDB: '', fileVersion: 10.0.40219.325
  ERROR: LoadModule, GetLastError: 'Not enough memory resources are available to process this command.' (Address: 0000000000000000)
C:\WINDOWS\SYSTEM32\MSVCR100.dll:MSVCR100.dll (000000005CEF0000), size: 860160 (result: 8), SymType: '-unknown-', PDB: '', fileVersion: 10.0.40219.325
  ERROR: LoadModule, GetLastError: 'Not enough memory resources are available to process this command.' (Address: 0000000000000000)
C:\Program Files\Unity 2020.3.32f1\Editor\embree.dll:embree.dll (00007FF81C1E0000), size: 16711680 (result: 8), SymType: '-unknown-', PDB: '', fileVersion: 2.14.0.0
  ERROR: LoadModule, GetLastError: 'Not enough memory resources are available to process this command.' (Address: 0000000000000000)
C:\Program Files\Unity 2020.3.32f1\Editor\OpenRL_pthread.dll:OpenRL_pthread.dll (0000021175940000), size: 61440 (result: 8), SymType: '-unknown-', PDB: '', fileVersion: 2.9.0.0
  ERROR: LoadModule, GetLastError: 'Not enough memory resources are available to process this command.' (Address: 0000000000000000)
C:\WINDOWS\SYSTEM32\MSASN1.dll:MSASN1.dll (00007FF8AC040000), size: 77824 (result: 8), SymType: '-unknown-', PDB: '', fileVersion: 10.0.26100.7623
  ERROR: LoadModule, GetLastError: 'Not enough memory resources are available to process this command.' (Address: 0000000000000000)
C:\WINDOWS\SYSTEM32\kernel.appcore.dll:kernel.appcore.dll (00007FF8AB6D0000), size: 110592 (result: 8), SymType: '-unknown-', PDB: '', fileVersion: 10.0.26100.7309
  ERROR: LoadModule, GetLastError: 'Not enough memory resources are available to process this command.' (Address: 0000000000000000)
C:\WINDOWS\System32\bcryptPrimitives.dll:bcryptPrimitives.dll (00007FF8AD250000), size: 675840 (result: 8), SymType: '-unknown-', PDB: '', fileVersion: 10.0.26100.7623
  ERROR: LoadModule, GetLastError: 'Not enough memory resources are available to process this command.' (Address: 0000000000000000)
C:\WINDOWS\system32\uxtheme.dll:uxtheme.dll (00007FF8A97A0000), size: 700416 (result: 8), SymType: '-unknown-', PDB: '', fileVersion: 10.0.26100.7309
  ERROR: LoadModule, GetLastError: 'Not enough memory resources are available to process this command.' (Address: 0000000000000000)
C:\WINDOWS\System32\shcore.dll:shcore.dll (00007FF8AF430000), size: 1003520 (result: 8), SymType: '-unknown-', PDB: '', fileVersion: 10.0.26100.7623
  ERROR: LoadModule, GetLastError: 'Not enough memory resources are available to process this command.' (Address: 0000000000000000)
C:\WINDOWS\SYSTEM32\windows.storage.dll:windows.storage.dll (00007FF8AA510000), size: 8773632 (result: 8), SymType: '-unknown-', PDB: '', fileVersion: 10.0.26100.7623
  ERROR: LoadModule, GetLastError: 'Not enough memory resources are available to process this command.' (Address: 0000000000000000)
C:\WINDOWS\SYSTEM32\profapi.dll:profapi.dll (00007FF8AC870000), size: 167936 (result: 8), SymType: '-unknown-', PDB: '', fileVersion: 10.0.26100.7309
  ERROR: LoadModule, GetLastError: 'Not enough memory resources are available to process this command.' (Address: 0000000000000000)
C:\WINDOWS\System32\clbcatq.dll:clbcatq.dll (00007FF8AE790000), size: 720896 (result: 8), SymType: '-unknown-', PDB: '', fileVersion: 2001.12.10941.16384
  ERROR: LoadModule, GetLastError: 'Not enough memory resources are available to process this command.' (Address: 0000000000000000)
C:\WINDOWS\System32\netprofm.dll:netprofm.dll (00007FF8A56C0000), size: 458752 (result: 8), SymType: '-unknown-', PDB: '', fileVersion: 10.0.26100.7309
  ERROR: LoadModule, GetLastError: 'Not enough memory resources are available to process this command.' (Address: 0000000000000000)
C:\WINDOWS\System32\npmproxy.dll:npmproxy.dll (00007FF89C180000), size: 102400 (result: 8), SymType: '-unknown-', PDB: '', fileVersion: 10.0.26100.7309
  ERROR: LoadModule, GetLastError: 'Not enough memory resources are available to process this command.' (Address: 0000000000000000)
C:\WINDOWS\System32\NSI.dll:NSI.dll (00007FF8ADFA0000), size: 40960 (result: 8), SymType: '-unknown-', PDB: '', fileVersion: 10.0.26100.7623
  ERROR: LoadModule, GetLastError: 'Not enough memory resources are available to process this command.' (Address: 0000000000000000)
C:\WINDOWS\SYSTEM32\dhcpcsvc6.DLL:dhcpcsvc6.DLL (00007FF89DAB0000), size: 122880 (result: 8), SymType: '-unknown-', PDB: '', fileVersion: 10.0.26100.7309
  ERROR: LoadModule, GetLastError: 'Not enough memory resources are available to process this command.' (Address: 0000000000000000)
C:\WINDOWS\SYSTEM32\dhcpcsvc.DLL:dhcpcsvc.DLL (00007FF89DA80000), size: 143360 (result: 8), SymType: '-unknown-', PDB: '', fileVersion: 10.0.26100.7309
  ERROR: LoadModule, GetLastError: 'Not enough memory resources are available to process this command.' (Address: 0000000000000000)
C:\WINDOWS\SYSTEM32\DNSAPI.dll:DNSAPI.dll (00007FF8AB1A0000), size: 1228800 (result: 0), SymType: '-deferred-', PDB: '', fileVersion: 10.0.26100.7309
C:\WINDOWS\System32\fwpuclnt.dll:fwpuclnt.dll (00007FF89E360000), size: 548864 (result: 8), SymType: '-unknown-', PDB: '', fileVersion: 10.0.26100.7623
  ERROR: LoadModule, GetLastError: 'Not enough memory resources are available to process this command.' (Address: 0000000000000000)
C:\Windows\System32\rasadhlp.dll:rasadhlp.dll (00007FF89D980000), size: 45056 (result: 0), SymType: '-deferred-', PDB: '', fileVersion: 10.0.26100.7171
C:\Program Files\Unity 2020.3.32f1\Editor\Data\Tools\astcenc-avx2.dll:astcenc-avx2.dll (00007FF82A950000), size: 557056 (result: 0), SymType: '-deferred-', PDB: ''
C:\WINDOWS\SYSTEM32\d3d11.dll:d3d11.dll (00007FF8A8460000), size: 2498560 (result: 0), SymType: '-deferred-', PDB: '', fileVersion: 10.0.26100.7309
C:\WINDOWS\SYSTEM32\dxgi.dll:dxgi.dll (00007FF8A91E0000), size: 1290240 (result: 0), SymType: '-deferred-', PDB: '', fileVersion: 10.0.26100.7309
C:\WINDOWS\SYSTEM32\powrprof.dll:powrprof.dll (00007FF8AC7B0000), size: 385024 (result: 8), SymType: '-unknown-', PDB: '', fileVersion: 10.0.26100.3912
  ERROR: LoadModule, GetLastError: 'Not enough memory resources are available to process this command.' (Address: 0000000000000000)
C:\WINDOWS\SYSTEM32\UMPDC.dll:UMPDC.dll (00007FF8AC790000), size: 81920 (result: 0), SymType: '-deferred-', PDB: '', fileVersion: 10.0.26100.7019
C:\WINDOWS\SYSTEM32\directxdatabasehelper.dll:directxdatabasehelper.dll (00007FF8A6AB0000), size: 405504 (result: 8), SymType: '-unknown-', PDB: '', fileVersion: 10.0.26100.7309
  ERROR: LoadModule, GetLastError: 'Not enough memory resources are available to process this command.' (Address: 0000000000000000)
C:\WINDOWS\System32\DriverStore\FileRepository\iigd_dch.inf_amd64_3b6203e8ce805e4d\igd10iumd64.dll:igd10iumd64.dll (00007FF8A5020000), size: 4108288 (result: 8), SymType: '-unknown-', PDB: '', fileVersion: 31.0.101.5186
  ERROR: LoadModule, GetLastError: 'Not enough memory resources are available to process this command.' (Address: 0000000000000000)
C:\WINDOWS\SYSTEM32\apphelp.dll:apphelp.dll (00007FF8A95B0000), size: 651264 (result: 0), SymType: '-deferred-', PDB: '', fileVersion: 10.0.26100.7309
C:\WINDOWS\System32\DriverStore\FileRepository\iigd_dch.inf_amd64_3b6203e8ce805e4d\igd10um64xe.DLL:igd10um64xe.DLL (00007FF8A3770000), size: 25456640 (result: 0), SymType: '-deferred-', PDB: '', fileVersion: 31.0.101.5186
C:\WINDOWS\System32\DriverStore\FileRepository\iigd_dch.inf_amd64_3b6203e8ce805e4d\IntelControlLib.dll:IntelControlLib.dll (00007FF8A3640000), size: 593920 (result: 0), SymType: '-deferred-', PDB: '', fileVersion: 1.0.178.0
C:\WINDOWS\System32\DriverStore\FileRepository\iigd_dch.inf_amd64_3b6203e8ce805e4d\igdgmm64.dll:igdgmm64.dll (00007FF8A2F30000), size: 4448256 (result: 0), SymType: '-deferred-', PDB: '', fileVersion: 31.0.101.5186
C:\WINDOWS\System32\DriverStore\FileRepository\iigd_dch.inf_amd64_3b6203e8ce805e4d\igc64.dll:igc64.dll (00007FF89EC80000), size: 67452928 (result: 0), SymType: '-deferred-', PDB: '', fileVersion: 31.0.101.5186
C:\WINDOWS\system32\wbem\wbemprox.dll:wbemprox.dll (00007FF88F1E0000), size: 73728 (result: 0), SymType: '-deferred-', PDB: '', fileVersion: 10.0.26100.7019
C:\WINDOWS\SYSTEM32\wbemcomn.dll:wbemcomn.dll (00007FF88F160000), size: 499712 (result: 8), SymType: '-unknown-', PDB: '', fileVersion: 10.0.26100.7019
  ERROR: LoadModule, GetLastError: 'Not enough memory resources are available to process this command.' (Address: 0000000000000000)
C:\WINDOWS\system32\wbem\wbemsvc.dll:wbemsvc.dll (00007FF88FF80000), size: 86016 (result: 0), SymType: '-deferred-', PDB: '', fileVersion: 10.0.26100.7019
C:\WINDOWS\system32\wbem\fastprox.dll:fastprox.dll (00007FF88E440000), size: 991232 (result: 0), SymType: '-deferred-', PDB: '', fileVersion: 10.0.26100.7309
C:\WINDOWS\SYSTEM32\amsi.dll:amsi.dll (00007FF88D9D0000), size: 118784 (result: 0), SymType: '-deferred-', PDB: '', fileVersion: 10.0.26100.7309
C:\WINDOWS\SYSTEM32\USERENV.dll:USERENV.dll (00007FF8ABCD0000), size: 176128 (result: 0), SymType: '-deferred-', PDB: '', fileVersion: 10.0.26100.7309
C:\ProgramData\Microsoft\Windows Defender\Platform\4.18.26010.5-0\MpOav.dll:MpOav.dll (00007FF88D8A0000), size: 663552 (result: 0), SymType: '-deferred-', PDB: '', fileVersion: 4.18.26010.5
C:\WINDOWS\SYSTEM32\opencl.dll:opencl.dll (00007FF839890000), size: 98304 (result: 0), SymType: '-deferred-', PDB: '', fileVersion: 3.0.6.0
C:\Program Files\Unity 2020.3.32f1\Editor\radeonrays.dll:radeonrays.dll (00007FF82A8C0000), size: 552960 (result: 0), SymType: '-deferred-', PDB: ''
C:\Program Files\Unity 2020.3.32f1\Editor\Data\MonoBleedingEdge\EmbedRuntime\mono-2.0-bdwgc.dll:mono-2.0-bdwgc.dll (00007FF81AC60000), size: 7794688 (result: 8), SymType: '-unknown-', PDB: ''
  ERROR: LoadModule, GetLastError: 'Not enough memory resources are available to process this command.' (Address: 0000000000000000)
C:\WINDOWS\System32\PSAPI.DLL:PSAPI.DLL (00007FF8AF150000), size: 32768 (result: 8), SymType: '-unknown-', PDB: '', fileVersion: 10.0.26100.1
  ERROR: LoadModule, GetLastError: 'Not enough memory resources are available to process this command.' (Address: 0000000000000000)
C:\WINDOWS\SYSTEM32\dbghelp.dll:dbghelp.dll (00007FF8A9F60000), size: 2367488 (result: 8), SymType: '-unknown-', PDB: '', fileVersion: 10.0.26100.5074
  ERROR: LoadModule, GetLastError: 'Not enough memory resources are available to process this command.' (Address: 0000000000000000)

========== OUTPUTTING STACK TRACE ==================

  ERROR: SymGetSymFromAddr64, GetLastError: 'The specified module could not be found.' (Address: 00007FF8ACD0A80A)
0x00007FF8ACD0A80A (KERNELBASE) (function-name not available)
  ERROR: SymGetSymFromAddr64, GetLastError: 'The specified module could not be found.' (Address: 00007FF81AC76025)
  ERROR: SymGetModuleInfo64, GetLastError: 'A dynamic link library (DLL) initialization routine failed.' (Address: 00007FF81AC76025)
0x00007FF81AC76025 ((<unknown>)) (function-name not available)
  ERROR: SymGetSymFromAddr64, GetLastError: 'The specified module could not be found.' (Address: 00007FF81AC64D41)
  ERROR: SymGetModuleInfo64, GetLastError: 'A dynamic link library (DLL) initialization routine failed.' (Address: 00007FF81AC64D41)
0x00007FF81AC64D41 ((<unknown>)) (function-name not available)
  ERROR: SymGetSymFromAddr64, GetLastError: 'The specified module could not be found.' (Address: 00007FF81AC64AD4)
  ERROR: SymGetModuleInfo64, GetLastError: 'A dynamic link library (DLL) initialization routine failed.' (Address: 00007FF81AC64AD4)
0x00007FF81AC64AD4 ((<unknown>)) (function-name not available)
  ERROR: SymGetSymFromAddr64, GetLastError: 'The specified module could not be found.' (Address: 00007FF81ACECA95)
  ERROR: SymGetModuleInfo64, GetLastError: 'A dynamic link library (DLL) initialization routine failed.' (Address: 00007FF81ACECA95)
0x00007FF81ACECA95 ((<unknown>)) (function-name not available)
  ERROR: SymGetSymFromAddr64, GetLastError: 'The specified module could not be found.' (Address: 00007FF81AE5F5B2)
  ERROR: SymGetModuleInfo64, GetLastError: 'A dynamic link library (DLL) initialization routine failed.' (Address: 00007FF81AE5F5B2)
0x00007FF81AE5F5B2 ((<unknown>)) (function-name not available)
  ERROR: SymGetSymFromAddr64, GetLastError: 'The specified module could not be found.' (Address: 00007FF81AD881E4)
  ERROR: SymGetModuleInfo64, GetLastError: 'A dynamic link library (DLL) initialization routine failed.' (Address: 00007FF81AD881E4)
0x00007FF81AD881E4 ((<unknown>)) (function-name not available)
  ERROR: SymGetSymFromAddr64, GetLastError: 'The specified module could not be found.' (Address: 00007FF81AD86488)
  ERROR: SymGetModuleInfo64, GetLastError: 'A dynamic link library (DLL) initialization routine failed.' (Address: 00007FF81AD86488)
0x00007FF81AD86488 ((<unknown>)) (function-name not available)
  ERROR: SymGetSymFromAddr64, GetLastError: 'The specified module could not be found.' (Address: 00007FF81AD8A271)
  ERROR: SymGetModuleInfo64, GetLastError: 'A dynamic link library (DLL) initialization routine failed.' (Address: 00007FF81AD8A271)
0x00007FF81AD8A271 ((<unknown>)) (function-name not available)
  ERROR: SymGetSymFromAddr64, GetLastError: 'The specified module could not be found.' (Address: 00007FF81AD8E692)
  ERROR: SymGetModuleInfo64, GetLastError: 'A dynamic link library (DLL) initialization routine failed.' (Address: 00007FF81AD8E692)
0x00007FF81AD8E692 ((<unknown>)) (function-name not available)
  ERROR: SymGetSymFromAddr64, GetLastError: 'The specified module could not be found.' (Address: 00007FF81AD8EE36)
  ERROR: SymGetModuleInfo64, GetLastError: 'A dynamic link library (DLL) initialization routine failed.' (Address: 00007FF81AD8EE36)
0x00007FF81AD8EE36 ((<unknown>)) (function-name not available)
  ERROR: SymGetSymFromAddr64, GetLastError: 'The specified module could not be found.' (Address: 00007FF81AD12AC2)
  ERROR: SymGetModuleInfo64, GetLastError: 'A dynamic link library (DLL) initialization routine failed.' (Address: 00007FF81AD12AC2)
0x00007FF81AD12AC2 ((<unknown>)) (function-name not available)
  ERROR: SymGetSymFromAddr64, GetLastError: 'The specified module could not be found.' (Address: 00007FF81AD6E443)
  ERROR: SymGetModuleInfo64, GetLastError: 'A dynamic link library (DLL) initialization routine failed.' (Address: 00007FF81AD6E443)
0x00007FF81AD6E443 ((<unknown>)) (function-name not available)
  ERROR: SymGetSymFromAddr64, GetLastError: 'The specified module could not be found.' (Address: 00007FF81AD71415)
  ERROR: SymGetModuleInfo64, GetLastError: 'A dynamic link library (DLL) initialization routine failed.' (Address: 00007FF81AD71415)
0x00007FF81AD71415 ((<unknown>)) (function-name not available)
  ERROR: SymGetSymFromAddr64, GetLastError: 'The specified module could not be found.' (Address: 00007FF81AD71353)
  ERROR: SymGetModuleInfo64, GetLastError: 'A dynamic link library (DLL) initialization routine failed.' (Address: 00007FF81AD71353)
0x00007FF81AD71353 ((<unknown>)) (function-name not available)
  ERROR: SymGetSymFromAddr64, GetLastError: 'The specified module could not be found.' (Address: 00007FF65DA41FDB)
0x00007FF65DA41FDB (Unity) (function-name not available)
  ERROR: SymGetSymFromAddr64, GetLastError: 'Attempt to access invalid address.' (Address: 00007FF65DA2D9BC)
0x00007FF65DA2D9BC (Unity) (function-name not available)
  ERROR: SymGetSymFromAddr64, GetLastError: 'Attempt to access invalid address.' (Address: 00007FF65DA24D95)
0x00007FF65DA24D95 (Unity) (function-name not available)
  ERROR: SymGetSymFromAddr64, GetLastError: 'Attempt to access invalid address.' (Address: 00007FF65DA16738)
0x00007FF65DA16738 (Unity) (function-name not available)
  ERROR: SymGetSymFromAddr64, GetLastError: 'Attempt to access invalid address.' (Address: 00007FF65DA0CBD3)
0x00007FF65DA0CBD3 (Unity) (function-name not available)
  ERROR: SymGetSymFromAddr64, GetLastError: 'Attempt to access invalid address.' (Address: 00007FF65DA140C7)
0x00007FF65DA140C7 (Unity) (function-name not available)
  ERROR: SymGetSymFromAddr64, GetLastError: 'Attempt to access invalid address.' (Address: 00007FF65E73FF26)
0x00007FF65E73FF26 (Unity) (function-name not available)
  ERROR: SymGetSymFromAddr64, GetLastError: 'Attempt to access invalid address.' (Address: 00007FF65E421741)
0x00007FF65E421741 (Unity) (function-name not available)
  ERROR: SymGetSymFromAddr64, GetLastError: 'Attempt to access invalid address.' (Address: 00007FF65E8A0892)
0x00007FF65E8A0892 (Unity) (function-name not available)
  ERROR: SymGetSymFromAddr64, GetLastError: 'Attempt to access invalid address.' (Address: 00007FF65FF3E3EE)
0x00007FF65FF3E3EE (Unity) (function-name not available)
  ERROR: SymGetSymFromAddr64, GetLastError: 'The specified module could not be found.' (Address: 00007FF8AD5CE8D7)
0x00007FF8AD5CE8D7 (KERNEL32) (function-name not available)
  ERROR: SymGetSymFromAddr64, GetLastError: 'The specified module could not be found.' (Address: 00007FF8AF88C53C)
  ERROR: SymGetModuleInfo64, GetLastError: 'A dynamic link library (DLL) initialization routine failed.' (Address: 00007FF8AF88C53C)
0x00007FF8AF88C53C ((<unknown>)) (function-name not available)

========== END OF STACKTRACE ===========

A crash has been intercepted by the crash handler. For call stack and other details, see the latest crash report generated in:
 * C:/Users/Yibrah/AppData/Local/Temp/Unity/Editor/Crashes
